0.000687,5
0.001318,24
0.001875,30
0.002864,52
0.003405,66
0.004457,71
0.005681,86
