0.000626,1
0.000514,4
0.002233,12
0.001873,20
0.001849,27
0.003608,31
0.005355,39
0.005355,46
0.005259,47
0.005690,51
0.005579,54
0.005974,56
0.008047,57
0.025113,62
0.025984,68
0.107880,74
0.116735,80
0.146665,87
