0.001025,15
0.001267,50
0.001142,119
0.003688,177
0.009399,226
0.010029,248
0.029093,303
0.066724,354
1.271706,452
