0.000092,1
0.000049,4
0.000229,12
0.000286,20
0.000370,27
0.000708,31
0.001175,39
0.001333,46
0.001441,47
0.001573,51
0.001714,54
0.001833,56
0.002553,57
0.008225,62
0.008933,68
0.039814,74
0.044569,80
0.058771,87
