0.018314,239
0.019415,462
0.077532,692
0.071290,821
0.079673,833
0.070384,999
0.101891,1210
0.089591,1285
0.109936,1363
0.247057,1419
0.436833,1523
0.571937,1563
0.569542,1566
0.616556,1606
1.097163,1731
1.181359,1847
1.230664,1892
1.367605,2067
1.338510,2115
3.631659,2307
3.807197,2354
3.917254,2523
3.989936,2597
