0.017609,88
0.020142,339
0.028177,577
3.044474,585
6.451870,844
6.525104,1034
