0.017918,304
0.036317,667
0.032743,800
0.035332,1234
