0.086702,53
0.071277,78
0.097498,235
0.101038,418
0.106914,500
