0.016423,304
0.024715,667
0.031079,800
0.046698,1234
