0.022094,798
0.025104,1133
0.021497,1705
0.114234,2057
