0.030344,304
0.036833,667
0.036830,800
0.037433,1234
0.495071,1703
0.565140,1851
0.749153,2195
1.640790,2311
1.861936,2579
76.443710,2848
