0.005220,81
0.005553,155
0.005482,237
0.006622,288
0.010267,303
0.011678,347
0.011536,389
0.009692,500
