0.000342,4
0.000597,11
0.000884,29
0.001209,66
0.003104,102
0.003643,117
0.004158,126
0.004654,140
0.005486,169
0.006226,200
0.007119,237
0.007820,273
0.008435,286
0.013193,294
0.014170,304
0.015140,309
0.015945,315
0.024936,358
0.032383,366
0.094053,400
0.101715,442
0.122924,474
0.210380,477
1.059108,502
1.070985,505
