0.007482,63
0.005633,98
0.006045,106
0.013571,209
0.017919,302
0.016275,341
0.018928,396
0.020484,442
0.019045,454
0.017170,457
0.017775,472
0.020359,518
0.022068,550
0.021965,605
0.024915,698
0.113883,740
0.250924,789
0.311242,868
