0.002049,102
0.004127,234
0.070025,319
0.103680,497
