0.001304,4
0.001392,11
0.001768,29
0.001780,66
0.005366,102
0.005551,117
0.006045,126
0.006512,140
0.009183,169
0.008829,200
0.010529,237
0.011289,273
0.012005,286
0.023741,294
0.026747,304
0.027101,309
0.034288,315
0.053649,358
0.075401,366
0.248311,400
0.298176,442
0.364708,474
0.599565,477
0.930038,502
0.970547,505
