0.081053,265
0.098776,361
0.103700,570
0.122593,1020
0.165123,1145
0.202073,1543
0.377646,1968
0.434057,2333
0.507800,2529
0.524328,2763
1.189782,3172
1.349553,3599
1.558261,3805
