0.004583,81
0.007731,155
0.010784,237
0.005853,288
0.007209,303
0.008994,347
0.010518,389
0.012015,500
