0.015613,238
0.016986,521
0.025989,838
0.035600,1186
0.107933,1524
0.123215,1642
0.138544,1898
0.161509,2188
0.181902,2515
0.201432,2684
0.213396,2757
0.227025,2842
0.256966,3223
0.276992,3415
0.293707,3564
