0.001203,44
0.001107,83
0.001082,94
0.001002,118
0.001735,159
0.001828,205
0.001958,213
