0.009233,238
0.017122,521
0.026258,838
0.036077,1186
