0.001802,44
0.001483,83
0.001234,94
0.001134,118
0.001118,159
0.001411,205
0.001488,213
