0.007137,63
0.008006,98
0.008806,106
0.013066,209
0.016856,302
0.016442,341
0.021391,396
0.024796,442
0.022373,454
0.036868,457
0.031417,472
0.021725,518
0.033099,550
0.041211,605
0.029433,698
0.155719,740
0.339120,789
0.369534,868
