0.118855,1915
0.249615,4964
0.347180,5601
0.488968,8304
0.589724,8607
0.725474,10502
0.830856,10514
17.866401,12380
