0.073568,265
0.083689,361
0.097735,570
0.115799,1020
0.184168,1145
0.193923,1543
