0.001351,11
0.001198,22
0.001495,51
0.001575,90
0.002034,97
0.002713,140
0.002857,143
0.008237,189
0.023268,233
0.023100,242
0.025490,254
0.033093,285
0.036993,306
0.037062,309
0.078016,350
0.083271,375
0.089105,390
0.093333,414
0.096569,435
0.099589,436
0.188324,475
0.194664,482
0.203516,521
0.211833,526
0.222161,535
0.722034,543
0.740828,547
1.877482,576
1.952538,597
2.127764,627
2.221871,660
1.082241,685
1.525943,705
2.611606,740
2.751737,776
3.114059,806
