0.066363,265
0.126169,361
0.168970,570
0.224506,1020
0.292068,1145
0.335068,1543
