0.068250,265
0.111672,361
0.164557,570
0.222449,1020
0.275267,1145
0.332678,1543
0.549716,1968
0.623064,2333
0.699707,2529
0.785395,2763
1.379980,3172
1.615273,3599
1.795586,3805
