0.003854,9
0.006015,98
0.005368,150
0.005062,161
0.007023,190
0.007279,259
0.053284,365
0.050609,385
0.057012,420
0.061054,485
0.064626,547
