0.074187,265
0.096065,361
0.101144,570
0.117435,1020
0.123736,1145
0.131663,1543
0.348163,1968
0.389981,2333
0.414458,2529
0.485554,2763
1.164483,3172
1.375305,3599
1.544929,3805
