0.002394,81
0.002710,155
0.003477,237
0.003898,288
0.004236,303
0.005417,347
0.006438,389
0.006114,500
0.018576,547
0.021043,623
0.022689,712
0.907383,830
9.138206,911
