0.020385,238
0.021912,521
0.024802,838
0.038443,1186
