0.001704,11
0.001275,22
0.001491,51
0.001612,90
0.002107,97
0.002212,140
0.002282,143
0.017650,189
0.057891,233
0.058530,242
0.070000,254
0.077541,285
0.112084,306
0.101793,309
0.241046,350
0.250784,375
0.207326,390
0.318816,414
0.346423,435
0.348981,436
0.725509,475
0.638572,482
0.667134,521
0.569926,526
0.693771,535
2.011212,543
2.055540,547
