0.007357,98
0.008047,218
0.006555,287
0.010173,446
0.011389,456
0.011820,483
0.013321,568
0.013338,742
