0.008235,98
0.010985,218
0.011136,287
0.019949,446
0.017775,456
0.016484,483
0.023872,568
0.038514,742
