0.068754,339
0.111929,731
0.168509,1058
0.232237,1559
0.286278,1980
0.551651,2117
0.692677,2602
0.781846,2780
0.862743,2802
0.941394,2920
1.041701,3360
1.151424,3714
1.249100,4099
1.367467,4495
1.478445,4661
1.657572,5182
1.736555,5300
1.861195,5618
1.941983,5631
2.064590,6101
4.169171,6577
4.454835,7057
4.855018,7554
8.905475,7842
9.266823,8054
