0.075099,339
0.096243,731
0.158131,1058
0.170708,1559
0.207432,1980
