0.073722,339
0.096134,731
0.119299,1058
0.133805,1559
0.119019,1980
0.413244,2117
0.552703,2602
0.620625,2780
0.656454,2802
0.716834,2920
0.768356,3360
0.839692,3714
0.950446,4099
1.054155,4495
1.094244,4661
1.260284,5182
1.291675,5300
1.364750,5618
1.458291,5631
1.601086,6101
4.206639,6577
4.491403,7057
4.762212,7554
9.771501,7842
10.149332,8054
