0.048748,289
0.070127,730
0.091221,1080
0.093148,1174
0.790580,1442
1.041654,2394
1.211402,2653
1.439952,3438
1.824080,4443
2.061828,4885
2.279019,5496
2.671248,6470
3.030152,7340
3.757377,7801
3.990064,7857
