0.045830,289
0.071303,730
0.100625,1080
0.137017,1174
