0.035931,289
0.069155,730
0.100820,1080
0.132940,1174
0.822483,1442
1.111827,2394
1.293736,2653
1.568133,3438
1.960070,4443
2.254239,4885
2.579771,5496
3.009045,6470
3.404117,7340
4.210270,7801
4.533673,7857
