0.048152,289
0.076385,730
0.085491,1080
0.089840,1174
