0.001778,49
0.001956,88
0.003036,188
0.003969,238
0.004780,272
0.023597,328
0.027389,399
0.031266,422
0.035804,459
0.076417,567
0.139447,654
0.292773,706
0.313630,781
0.388048,848
0.327571,939
0.343961,950
0.363821,1013
3.518115,1119
