0.002060,49
0.002413,88
0.002809,188
0.002290,238
0.003911,272
