0.002675,49
0.003394,88
0.004408,188
0.003452,238
0.004621,272
