0.028305,121
0.056054,520
0.042900,669
0.066611,881
0.081864,982
0.056289,1365
0.069672,1449
0.070976,1702
0.121373,1764
0.111309,1885
0.090163,2139
0.116326,2527
0.132114,2739
0.138808,2864
