0.000114,5
0.000255,24
0.000334,30
0.000458,52
0.000588,66
0.000686,71
0.000798,86
0.002118,94
0.006184,105
0.013851,125
0.014868,139
0.019649,142
0.021727,153
0.036577,165
0.186126,184
0.208164,189
3.042387,205
3.288339,225
