0.000756,5
0.000814,24
0.000701,30
0.000661,52
0.000717,66
0.000978,71
0.001078,86
0.003223,94
0.007661,105
0.016325,125
0.017981,139
0.022092,142
0.023884,153
0.040079,165
0.191693,184
0.197094,189
3.460824,205
3.616417,225
