0.000553,5
0.000899,24
0.000921,30
0.001014,52
0.001256,66
0.001264,71
0.001733,86
0.005455,94
0.016740,105
0.016758,125
0.017838,139
0.023778,142
0.025167,153
0.044905,165
0.204918,184
0.207510,189
3.660990,205
3.862226,225
