0.000427,39
0.000483,43
0.001427,76
0.000996,96
0.001587,130
0.002579,151
0.002370,184
0.002790,225
0.003656,244
0.003223,253
0.005525,292
0.004233,326
0.007298,359
0.006918,365
0.006135,392
0.008197,423
0.008075,448
0.007380,462
0.009164,509
0.037777,517
0.039462,554
0.049383,575
0.091324,592
0.072953,614
0.076376,630
0.084895,646
0.458709,692
2.628750,716
3.516438,739
3.605022,759
1.024124,772
0.932249,789
5.703857,832
9.611988,840
11.829266,866
22.113996,899
23.731490,927
24.160371,940
